img_modes rc=0 1777 0 0 directory|700 0 0 directory|640 0 42 regular file|2775 0 8 directory|644 0 0 regular file
img_setid rc=0 bits
img_hardlink rc=0 755 0 0 regular file 2|755 0 0 regular file 2
img_same_ino rc=0 same
img_devnull rc=0 666 0 0 character special file
ls_ln rc=0 -rw-r----- 0 42
root_ids rc=0 0|0
create rc=0 644 0 0 regular empty file|755 0 0 directory
umask077 rc=0 600|700
chown_file rc=0 1000 8
chmod_file rc=0 640
chown_names rc=0 root mail
chmod_dir rc=0 2775
sgid_inherit rc=0 8 2755|8 644
symlink_chmod rc=0 600|symbolic link
mknod_c rc=0 644 0 0 character special file 1,3
mknod_write rc=0 0
mkfifo rc=0 fifo 644
ln_count rc=0 2|2
ln_same_ino rc=0 same
ln_shared rc=0 one|two
ln_meta rc=0 604
ln_third rc=0 3|3|3
ln_rm rc=0 2|2|one|two
ln_mv rc=0 2|2|one|two
ln_replace rc=0 1|1|one|two
ln_lstat rc=0 regular file
ln_readlink rc=1 
ln_dir rc=1 ln: d: hard link not allowed for directory
ln_find rc=0 ./sl
ls_types rc=0 t|-|-|d
u_ids rc=0 1000|1000|1000
u_create rc=0 644 1000 1000
u_etc rc=1 touch: cannot touch '/etc/wf-x': Permission denied
u_shadow rc=1 cat: /etc/shadow: Permission denied
u_root rc=2 ls: cannot open directory '/root': Permission denied
u_chown rc=1 chown: changing ownership of 'uf': Operation not permitted
u_chgrp rc=1 chgrp: changing group of 'uf': Operation not permitted
u_chmod_other rc=0 
u_mknod rc=1 mknod: n2: Operation not permitted
u_rm_sticky rc=0 
u_access rc=0 no-r|no-w|x
u_readonly rc=1 bash: line 1: uro: Permission denied
cleanup rc=0 gone
