ids rc=0 uid=1000(work) gid=1000(work) groups=1000(work)|work|work
setid_bits rc=0 /usr/bin/sudo 4755 root root|/usr/bin/su 4755 root root|/usr/bin/passwd 4755 root root|/usr/bin/chage 2755 root shadow|/usr/sbin/unix_chkpwd 2755 root shadow
sudo_id rc=0 uid=0(root) gid=0(root) groups=0(root)
sudo_su rc=0 0|root|/root|/root
sudo_login rc=0 /root
sudo_nobody rc=0 uid=65534(nobody) gid=65534(nogroup) groups=65534(nogroup)
sudo_back rc=0 uid=1000(work) gid=1000(work) groups=1000(work)|/home/work
sudo_env rc=0 work 1000 root root
su_denied rc=1 Password: su: Authentication failure
chage rc=0 Last password change					: Sep 27, 2026|Password expires					: never|Password inactive					: never|Account expires						: never|Minimum number of days between password change		: 0|Maximum number of days between password change		: 99999|Number of days of warning before password expires	: 7
shadow_read rc=1 cat: /etc/shadow: Permission denied
root_shadow rc=0 1
perms_root rc=0 root root 644
chain5 rc=0 chain /tmp/wf-ident/s7 /tmp/wf-ident/s6 /tmp/wf-ident/s5 /tmp/wf-ident/s4 ./s3 a
chain6 rc=126 /wf-ident.sh: ./s2: /tmp/wf-ident/s3: bad interpreter: Too many levels of symbolic links
chain7 rc=126 /wf-ident.sh: ./s1: /tmp/wf-ident/s2: bad interpreter: Too many levels of symbolic links
gcc rc=0 
execveat rc=0 dirfd-relative: exit 0|dirfd-missing: errno 2 (No such file or directory)|dirfd-missing: exit 111|arg1|empty-path: exit 0|empty-path-without-flag: errno 2 (No such file or directory)|empty-path-without-flag: exit 111|o-path: exit 1|nofollow-symlink: errno 40 (Too many levels of symbolic links)|nofollow-symlink: exit 111|follow-symlink: exit 0|chain /dev/fd/6 arg1|script-fd: exit 0|script-fd-cloexec: errno 2 (No such file or directory)|script-fd-cloexec: exit 111|dir: errno 13 (Permission denied)|dir: exit 111|noexec-file: errno 13 (Permission denied)|noexec-file: exit 111
suid_auxv rc=0 secure=0 uid=1000 euid=1000 comm=auxv|secure=1 uid=1000 euid=0 comm=auxv-suid|secure=1 uid=1000 euid=1000 comm=auxv-sgid
cleanup rc=0 gone
sudoers_mode rc=0 shell-init: error retrieving current directory: getcwd: cannot access parent directories: No such file or directory|sudo: /etc/sudoers is world writable|sudo: error initializing audit plugin sudoers_audit|rc=1
