cat_rel rc=0 data
cat_abs rc=0 data
cat_chain rc=0 data
etc_via_abs rc=0 13.7
etc_via_up rc=0 13.7
dotdot_root rc=0 13.7
dotdot_link rc=0 data
dotdot_after_l rc=0 chain3/..
readlink_rel rc=0 a/b
readlink_abs rc=0 T/a/b/c/file
readlink_f rc=0 T/a/b/c/file
realpath_up rc=0 /etc
realpath_dotdot rc=0 T/a/b/c
dangling_cat rc=1 cat: dangling: No such file or directory
dangling_rl rc=0 dangling_target
dangling_stat rc=0 symbolic link
dangling_lstat rc=1 stat: cannot statx 'dangling': No such file or directory
loop rc=1 cat: loop1: Too many levels of symbolic links
loop_lstat rc=0 symbolic link
trail_file rc=1 cat: a/b/c/file/: Not a directory
trail_link rc=0 directory
trail_ln_l rc=0 symbolic link
notdir rc=1 cat: a/b/c/file/x: Not a directory
enoent_mid rc=1 cat: a/nope/file: No such file or directory
unicode rc=0 spaced
ls_unicode rc=0 f i le
cd_link_pwd rc=0 T/chain3|T/a/b
cd_up_link rc=0 T
cd_root_up rc=0 /
proc_cwd rc=0 T/a/b
proc_cwd_ls rc=0 c|cdir_link
proc_root rc=0 /
proc_root_etc rc=0 13.7
proc_exe rc=0 /usr/bin/readlink
proc_fd rc=0 T/a/b/c/file
proc_fd_cat rc=0 data
dev_fd rc=0 data
dev_stdin rc=0 piped
dev_null rc=0 written
pipe_fd rc=0 pipe:
mkdir_p rc=0 
mkdir_exist rc=1 mkdir: cannot create directory 'x': File exists
touch_new rc=0 
mv_file rc=0 
mv_dir rc=0 
ls_after_mv rc=0 d:|y2||d/y2:|z||d/y2/z:||x:|moved
rm_file rc=0 
rmdir_ne rc=1 rmdir: failed to remove 'd': Directory not empty
rm_r rc=0 
ln_s_create rc=0 
ls_newlink rc=0 newlink/true
symlink_exist rc=1 ln: failed to create symbolic link 'abs_file': File exists
unlink_link rc=0 
find_tree rc=0 ./a/b/c/file|./abs_file
glob rc=0 a/b/c/file
long_mkdir rc=0 
long_touch rc=0 
long_ls rc=0 1
cp_r rc=0 
cp_link rc=0 
readlink_cp rc=0 /etc
cmp rc=0 
stat_dir rc=0 directory
stat_link_dir rc=0 symbolic link
test_ops rc=0 ok
script_exec rc=0 script ./s.sh arg
script_arg rc=0 e
script_env rc=0 env-ok
script_noexec rc=127 bash: line 1: ./s4.sh: cannot execute: required file not found
exec_noperm rc=126 bash: line 1: ./s5.sh: Permission denied
exec_dir rc=126 bash: line 1: ./a: Is a directory
exec_noshebang rc=0 plain
exec_via_link rc=0 linked
exec_proc_self rc=0 reexec
exec_fexecve rc=127 /wf-paths.sh: line 14: python3: command not found
env_path rc=0 /usr/bin/ls
cleanup rc=0 gone
